// Jest Snapshot v1, https://goo.gl/fbAQLP

exports[`Switch with internal state should work as expected Should render correctly 1`] = `
<label
  className="MuiFormControlLabel-root"
>
  <span
    className="MuiSwitch-root"
  >
    <span
      aria-disabled={false}
      className="MuiButtonBase-root MuiIconButton-root PrivateSwitchBase-root-1 MuiSwitch-switchBase MuiSwitch-colorSecondary PrivateSwitchBase-checked-2 Mui-checked"
      onBlur={[Function]}
      onDragLeave={[Function]}
      onFocus={[Function]}
      onKeyDown={[Function]}
      onKeyUp={[Function]}
      onMouseDown={[Function]}
      onMouseLeave={[Function]}
      onMouseUp={[Function]}
      onTouchEnd={[Function]}
      onTouchMove={[Function]}
      onTouchStart={[Function]}
      tabIndex={null}
    >
      <span
        className="MuiIconButton-label"
      >
        <input
          checked={true}
          className="PrivateSwitchBase-input-4 MuiSwitch-input"
          name="isOptional"
          onChange={[Function]}
          type="checkbox"
        />
        <span
          className="MuiSwitch-thumb"
        />
      </span>
    </span>
    <span
      className="MuiSwitch-track"
    />
  </span>
  <span
    className="MuiTypography-root MuiFormControlLabel-label MuiTypography-body1"
  />
</label>
`;
